Using msys2 on Windows 10

$ export JAVA_HOME="$(ls -d C:/Program\ Files/Java/jdk* | sort | tail -n 1)"
$ export TMPDIR=c:/temp
$ export BAZEL_SH=c:/tools/msys64/usr/bin/bash.exe

$ pip list
numpy (1.11.0)
pip (8.1.2)
setuptools (18.2)
six (1.10.0)

$ pacman -Q -s -q
bash
bash-completion
binutils
bsdcpio
bsdtar
bzip2
ca-certificates
catgets
cloog
coreutils
crypt
curl
dash
db
expat
file
filesystem
findutils
flex
gawk
gcc
gcc-libs
gdbm
gettext
git
gmp
gnupg
grep
gzip
heimdal
heimdal-libs
icu
inetutils
info
isl
less
libarchive
libasprintf
libbz2
libcatgets
libcrypt
libcurl
libdb
libedit
libexpat
libffi
libgdbm
libgettextpo
libiconv
libidn
libintl
liblzma
liblzo2
libmetalink
libnettle
libopenssl
libp11-kit
libpcre
libpcre16
libpcre32
libpcrecpp
libpcreposix
libreadline
libsqlite
libssh2
libtasn1
libutil-linux
libxml2
lndir
m4
mintty
mpc
mpfr
msys2-keyring
msys2-launcher-git
msys2-runtime
msys2-runtime-devel
msys2-w32api-headers
msys2-w32api-runtime
ncurses
openssh
openssl
p11-kit
pacman
pacman-mirrors
pax-git
pcre
perl
perl-Authen-SASL
perl-Convert-BinHex
perl-Encode-Locale
perl-Error
perl-File-Listing
perl-HTML-Parser
perl-HTML-Tagset
perl-HTTP-Cookies
perl-HTTP-Daemon
perl-HTTP-Date
perl-HTTP-Message
perl-HTTP-Negotiate
perl-IO-Socket-SSL
perl-IO-stringy
perl-LWP-MediaTypes
perl-MIME-tools
perl-MailTools
perl-Net-HTTP
perl-Net-SMTP-SSL
perl-Net-SSLeay
perl-TermReadKey
perl-TimeDate
perl-URI
perl-WWW-RobotRules
perl-libwww
pkgfile
rebase
repman-git
sed
swig
tftp-hpa
time
tzcode
unzip
util-linux
vim
which
windows-default-manifest
xz
zip
zlib
zlib-devel
